// Jest Snapshot v1, https://goo.gl/fbAQLP

exports[`Test at <GifExpertApp/>. should match with snapshot 1`] = `
<div>
  <h1>
    Gif expert app
  </h1>
  <form
    aria-label="form"
  >
    <input
      placeholder="Buscar gifs"
      type="text"
      value=""
    />
  </form>
  <h3>
    dogs
  </h3>
  <h2>
    Cargando...
  </h2>
  <div
    class="card-grid"
  />
</div>
`;
